03:29:12 **** Incremental Build of configuration Debug for project ad9283 ****
make pre-build main-build 
a9-linaro-pre-build-step
' '
'Building file: ../src/helloworld.c'
'Invoking: ARM v7 gcc compiler'
arm-none-eabi-gcc -Wall -O0 -g3 -c -fmessage-length=0 -MT"src/helloworld.o" -mcpu=cortex-a9 -mfpu=vfpv3 -mfloat-abi=hard -I../../ad9283_bsp/ps7_cortexa9_0/include -MMD -MP -MF"src/helloworld.d" -MT"src/helloworld.o" -o "src/helloworld.o" "../src/helloworld.c"
'Finished building: ../src/helloworld.c'
' '
'Building target: ad9283.elf'
'Invoking: ARM v7 gcc linker'
arm-none-eabi-gcc -mcpu=cortex-a9 -mfpu=vfpv3 -mfloat-abi=hard -Wl,-build-id=none -specs=Xilinx.spec -Wl,-T -Wl,../src/lscript.ld -L../../ad9283_bsp/ps7_cortexa9_0/lib -o "ad9283.elf"  ./src/helloworld.o ./src/platform.o   -Wl,--start-group,-lxil,-lgcc,-lc,--end-group
'Finished building target: ad9283.elf'
' '
'Invoking: ARM v7 Print Size'
arm-none-eabi-size ad9283.elf  |tee "ad9283.elf.size"
   text	   data	    bss	    dec	    hex	filename
  29836	   1544	  24472	  55852	   da2c	ad9283.elf
'Finished building: ad9283.elf.size'
' '

03:29:13 Build Finished (took 533ms)

